../Core/Src/main.c:94:5:__io_putchar	16	static
../Core/Src/main.c:102:6:startMenudisplay	24	static
../Core/Src/main.c:112:6:generate_platforms	16	static
../Core/Src/main.c:130:6:cleanup_platforms	16	static
../Core/Src/main.c:138:6:update_game_world	8	static
../Core/Src/main.c:157:6:draw_world	56	static
../Core/Src/main.c:186:6:game_over_screen	40	static
../Core/Src/main.c:201:9:is_on_platform	16	static
../Core/Src/main.c:216:6:handle_input	4	static
../Core/Src/main.c:232:6:update_jump_state	16	static
../Core/Src/main.c:269:6:reset_game	40	static
../Core/Src/main.c:289:6:HAL_GPIO_EXTI_Callback	16	static
../Core/Src/main.c:298:6:HAL_UART_RxCpltCallback	24	static
../Core/Src/main.c:347:5:main	24	static
../Core/Src/main.c:396:6:SystemClock_Config	96	static
../Core/Src/main.c:446:13:MX_SPI1_Init	8	static
../Core/Src/main.c:486:13:MX_USART2_UART_Init	8	static
../Core/Src/main.c:521:13:MX_GPIO_Init	48	static
../Core/Src/main.c:588:6:Error_Handler	4	static,ignoring_inline_asm
