../Core/Src/ssd1306.c:24:6:ssd1306_Reset	8	static
../Core/Src/ssd1306.c:36:6:ssd1306_WriteCommand	16	static
../Core/Src/ssd1306.c:44:6:ssd1306_WriteData	16	static
../Core/Src/ssd1306.c:63:17:ssd1306_FillBuffer	24	static
../Core/Src/ssd1306.c:73:6:ssd1306_Init	8	static
../Core/Src/ssd1306.c:174:5:checkPixel	24	static
../Core/Src/ssd1306.c:189:6:ssd1306_Fill	16	static
../Core/Src/ssd1306.c:194:6:ssd1306_UpdateScreen	16	static
../Core/Src/ssd1306.c:215:6:ssd1306_DrawPixel	16	static
../Core/Src/ssd1306.c:235:6:ssd1306_WriteChar	48	static
../Core/Src/ssd1306.c:270:6:ssd1306_WriteString	32	static
../Core/Src/ssd1306.c:284:6:ssd1306_SetCursor	16	static
../Core/Src/ssd1306.c:290:6:ssd1306_Line	48	static
../Core/Src/ssd1306.c:317:6:ssd1306_Polyline	40	static
../Core/Src/ssd1306.c:331:14:ssd1306_DegToRad	16	static
../Core/Src/ssd1306.c:336:17:ssd1306_NormalizeTo0_360	24	static
../Core/Src/ssd1306.c:352:6:ssd1306_DrawArc	64	static
../Core/Src/ssd1306.c:392:6:ssd1306_DrawArcWithRadiusLine	72	static
../Core/Src/ssd1306.c:435:6:ssd1306_DrawCircle	40	static
../Core/Src/ssd1306.c:470:6:ssd1306_FillCircle	48	static
../Core/Src/ssd1306.c:506:6:ssd1306_DrawRectangle	32	static
../Core/Src/ssd1306.c:516:6:ssd1306_FillRectangle	32	static
../Core/Src/ssd1306.c:530:17:ssd1306_InvertRectangle	32	static
../Core/Src/ssd1306.c:561:6:ssd1306_DrawBitmap	24	static
../Core/Src/ssd1306.c:585:6:ssd1306_SetContrast	24	static
../Core/Src/ssd1306.c:591:6:ssd1306_SetDisplayOn	24	static
../Core/Src/ssd1306.c:603:9:ssd1306_GetDisplayOn	4	static
