../Core/Src/ssd1306_tests.c:198:6:ssd1306_DrawIcyTowerModel	24	static
../Core/Src/ssd1306_tests.c:203:6:ssd1306_DrawKrzysiek	24	static
../Core/Src/ssd1306_tests.c:207:6:ssd1306_TestBorder	16	static
../Core/Src/ssd1306_tests.c:233:6:ssd1306_TestFonts1	24	static
../Core/Src/ssd1306_tests.c:266:6:ssd1306_TestFonts2	32	static
../Core/Src/ssd1306_tests.c:291:6:ssd1306_TestFonts3	16	static
../Core/Src/ssd1306_tests.c:311:6:ssd1306_TestFPS	120	static
../Core/Src/ssd1306_tests.c:349:6:ssd1306_TestLine	16	static
../Core/Src/ssd1306_tests.c:357:6:ssd1306_TestRectangle	32	static
../Core/Src/ssd1306_tests.c:367:6:ssd1306_TestRectangleFill	16	static
../Core/Src/ssd1306_tests.c:375:6:ssd1306_TestRectangleInvert	16	static
../Core/Src/ssd1306_tests.c:399:6:ssd1306_TestCircle	16	static
../Core/Src/ssd1306_tests.c:414:6:ssd1306_TestArc	16	static
../Core/Src/ssd1306_tests.c:421:6:ssd1306_TestPolyline	32	static
../Core/Src/ssd1306_tests.c:438:6:ssd1306_TestDrawBitmap	16	static
../Core/Src/ssd1306_tests.c:456:6:ssd1306_TestAll	8	static
